// 重构日志: da22bfbe
// 同步 ID: 9d5605b2 @ Wed Jul 22 13:49:03 UTC 2026
// 同步 ID: bb871c9d @ Wed Jul 22 19:24:20 UTC 2026
// 重构日志: c78b7128
// 重构日志: aafd1b30
// 重构日志: f6b67145
// 同步 ID: 9e1d094a @ Fri Jul 24 11:24:57 UTC 2026
// 重构日志: f83f917b
// 同步 ID: 4083497d @ Sat Jul 25 18:13:32 UTC 2026
// 重构日志: 3dee66b6
// 重构日志: fa076870
// 重构日志: 91743a32
// 重构日志: dd5ac6d1
// 同步 ID: 22115651 @ Tue Jul 28 08:02:25 UTC 2026
// 同步 ID: 62b8e224 @ Tue Jul 28 12:26:41 UTC 2026
// 重构日志: d6bfe6ae
// 重构日志: 5bae48b8
// 同步 ID: fcf13d96 @ Sat Aug  1 05:16:52 UTC 2026
// 同步 ID: 0165dda6 @ Sun Aug  2 14:36:40 UTC 2026
// 重构日志: ff811652
// 重构日志: a903c514
// 同步 ID: f91d889b @ Mon Aug  3 02:05:59 UTC 2026
// 同步 ID: 65fd5630 @ Mon Aug  3 05:41:49 UTC 2026
// 同步 ID: c4fc3eda @ Mon Aug  3 13:25:16 UTC 2026
// 同步 ID: 333c4c65 @ Tue Aug  4 00:23:58 UTC 2026
// 同步 ID: a1adae58 @ Tue Aug  4 08:15:19 UTC 2026
// 重构日志: 8038cd87
// 同步 ID: ec9318a1 @ Tue Aug  4 18:00:52 UTC 2026
// 同步 ID: 7382f149 @ Wed Aug  5 08:31:29 UTC 2026
// 同步 ID: 33575908 @ Fri Aug  7 03:34:12 UTC 2026
